Parsing "tiny.log"...
Parsed "tiny.log" (6 logs, 0 ignored)
Extracting top 10 urls...
Extracted top 10 urls (4 total)
Top 10 most visited pages of this website:
1: /page2.html (3 entries)
2: /page1.html (1 entry)
3: /page3.html (1 entry)
4: /image.jpg (1 entry)