Parsing "sample.log"...
Parsed "sample.log" (18 logs, 0 ignored)
Extracting top 10 urls...
Extracted top 10 urls (14 total)
Top 10 most visited pages of this website:
1: /page2.html (3 entries)
2: /page3.html (2 entries)
3: /image.jpg (2 entries)
4: /page1.html (1 entry)
5: /page4.html (1 entry)
6: /page5.html (1 entry)
7: /page6.html (1 entry)
8: /page7.html (1 entry)
9: /page8.html (1 entry)
10: /image10.jpg (1 entry)