Filter time is greater than 24 and was wrapped to 5