The log file has to be the last argument
Run "Analog -h" for help