Parsing "empty.log"...
Parsed "empty.log" (0 logs, 0 ignored)
Extracting top 10 urls...
Extracted top 10 urls (0 total)
Top 10 most visited pages of this website: