The log file does not exist or could not be read
Run "Analog -h" for help