Parsing "sample.log"...
Parsed "sample.log" (4 logs, 4 ignored)
Extracting top 10 urls...
Extracted top 10 urls (3 total)
Top 10 most visited pages of this website:
1: /page2.html (2 entries)
2: /page1.html (1 entry)
3: /page3.html (1 entry)